200 OK

         

         

         

         

         

         
{"id":"gen-1776435032-XL9KBG72HVzRQl8aZRXp","object":"chat.completion","created":1776435032,"model":"perplexity/sonar","provider":"Perplexity","system_fingerprint":null,"choices":[{"index":0,"logprobs":null,"finish_reason":"stop","native_finish_reason":"stop","message":{"role":"assistant","content":"**\"Test\"** is primarily defined as a method of evaluating knowledge, skills, or abilities through questions, procedures, or trials, such as an exam or experiment.[1][2]\n\n### Key Definitions\n- **As a noun**: A means of testing, including series of questions for measuring skill, knowledge, or intelligence; a procedure to identify substances; a trial or critical evaluation; or a result from testing.[1][2]\n- **As a verb**: To subject something to a test, trial, or proof; to undergo testing; or to measure knowledge/ability via questions.[1][2]\n- Examples: \"Take an aptitude test\" (job evaluation) or \"Test for mechanical aptitude.\"[1][2]\n\n### Other Contexts\n- **Broader uses**: In science (e.g., hypothesis testing, experiments), computing (e.g., software testing, Unix `test` command), sports (e.g., test cricket matches), and entertainment (e.g., films like *Test* (2013)).[3]\n- **Hungarian translation**: *Pr├│ba* (trial), *k├¡s├⌐rlet* (experiment), *vizsg├ílat* (examination), or *vizsga* (exam).[4]\n\nFor specific applications like speed tests or software testing services, see dedicated tools like Speedtest or Test IO.[6][7]","refusal":null,"reasoning":null,"annotations":[{"type":"url_citation","url_citation":{"url":"https://www.merriam-webster.com/dictionary/test","title":"TEST Definition & Meaning - Merriam-Webster","start_index":0,"end_index":0}},{"type":"url_citation","url_citation":{"url":"https://dictionary.cambridge.org/dictionary/english/test","title":"TEST | English meaning - Cambridge Dictionary","start_index":0,"end_index":0}},{"type":"url_citation","url_citation":{"url":"https://en.wikipedia.org/wiki/Test","title":"Test - Wikipedia","start_index":0,"end_index":0}},{"type":"url_citation","url_citation":{"url":"https://hu.bab.la/sz%C3%B3t%C3%A1r/angol-magyar/test","title":"Mi a \"test\" ford├¡t├ísa a magyar-ben? - Sz├│t├ír - bab.la","start_index":0,"end_index":0}},{"type":"url_citation","url_citation":{"url":"https://test-it.com/hu/","title":"Test-IT: F┼æoldal","start_index":0,"end_index":0}},{"type":"url_citation","url_citation":{"url":"https://test.io","title":"Test IO: Home","start_index":0,"end_index":0}},{"type":"url_citation","url_citation":{"url":"https://www.speedtest.net","title":"Speedtest by Ookla - The Global Broadband Speed Test","start_index":0,"end_index":0}},{"type":"url_citation","url_citation":{"url":"https://videa.hu/videok/film-animacio/a-test-2001.mp4-film-animacio-wlhTKVGMHJXWGwEA","title":"A TEST 2001.mp4, film/anim├íci├│ - Videa","start_index":0,"end_index":0}}]}}],"usage":{"prompt_tokens":2,"completion_tokens":292,"total_tokens":294,"cost":0.00529,"is_byok":false,"prompt_tokens_details":{"cached_tokens":0,"cache_write_tokens":0,"audio_tokens":0,"video_tokens":0},"cost_details":{"upstream_inference_cost":0.00529,"upstream_inference_prompt_cost":0.000002,"upstream_inference_completions_cost":0.005288},"completion_tokens_details":{"reasoning_tokens":0,"image_tokens":0,"audio_tokens":0}}}
